[demo.hasthemes.com/parlo/parlo/index.html]
[backblue.gif]
[fade.gif]
[index.html]
[demo.hasthemes.com/parlo/parlo/assets/img/favicon.png]
[demo.hasthemes.com/parlo/parlo/assets/css/bootstrap.min.css]
[demo.hasthemes.com/parlo/parlo/assets/css/icons.min.css]
[demo.hasthemes.com/parlo/parlo/assets/css/plugins.css]
[demo.hasthemes.com/parlo/parlo/assets/css/style.css]
[demo.hasthemes.com/parlo/parlo/assets/js/vendor/modernizr-2.8.3.min.js]
[demo.hasthemes.com/parlo/parlo/assets/img/logo/logo.png]
[demo.hasthemes.com/parlo/parlo/index-2.html]
[demo.hasthemes.com/parlo/parlo/index-3.html]
[demo.hasthemes.com/parlo/parlo/shop.html]
[demo.hasthemes.com/parlo/parlo/shop-grid-2-column.html]
[demo.hasthemes.com/parlo/parlo/shop-grid-4-column.html]
[demo.hasthemes.com/parlo/parlo/shop-right-sidebar.html]
[demo.hasthemes.com/parlo/parlo/shop-grid-fullwide.html]
[demo.hasthemes.com/parlo/parlo/shop-list-style1.html]
[demo.hasthemes.com/parlo/parlo/shop-list-style2.html]
[demo.hasthemes.com/parlo/parlo/shop-list-style3.html]
[demo.hasthemes.com/parlo/parlo/shop-list-fullwide.html]
[demo.hasthemes.com/parlo/parlo/shop-list-sidebar.html]
[demo.hasthemes.com/parlo/parlo/product-details.html]
[demo.hasthemes.com/parlo/parlo/product-details-tab-2.html]
[demo.hasthemes.com/parlo/parlo/product-details-tab-3.html]
[demo.hasthemes.com/parlo/parlo/product-details-gallery-right.html]
[demo.hasthemes.com/parlo/parlo/product-details-gallery.html]
[demo.hasthemes.com/parlo/parlo/product-details-sticky.html]
[demo.hasthemes.com/parlo/parlo/product-details-sticky-right.html]
[demo.hasthemes.com/parlo/parlo/product-details-slider-box.html]
[demo.hasthemes.com/parlo/parlo/product-details-affiliate.html]
[demo.hasthemes.com/parlo/parlo/contact-us.html]
[demo.hasthemes.com/parlo/parlo/about-us.html]
[demo.hasthemes.com/parlo/parlo/cart-page.html]
[demo.hasthemes.com/parlo/parlo/checkout.html]
[demo.hasthemes.com/parlo/parlo/compare-page.html]
[demo.hasthemes.com/parlo/parlo/wishlist.html]
[demo.hasthemes.com/parlo/parlo/my-account.html]
[demo.hasthemes.com/parlo/parlo/login-register.html]
[demo.hasthemes.com/parlo/parlo/blog.html]
[demo.hasthemes.com/parlo/parlo/blog-2-col.html]
[demo.hasthemes.com/parlo/parlo/blog-3-col.html]
[demo.hasthemes.com/parlo/parlo/blog-right-sidebar.html]
[demo.hasthemes.com/parlo/parlo/blog-details.html]
[demo.hasthemes.com/parlo/parlo/assets/img/cart/cart-1.jpg]
[demo.hasthemes.com/parlo/parlo/blog-details-right-sidebar.html]
[demo.hasthemes.com/parlo/parlo/assets/img/cart/cart-2.jpg]
[demo.hasthemes.com/parlo/parlo/assets/img/slider/slider-hm1-1.png]
[demo.hasthemes.com/parlo/parlo/assets/img/slider/slider-hm1-2.png]
[demo.hasthemes.com/parlo/parlo/assets/img/banner/banner-1.png]
[demo.hasthemes.com/parlo/parlo/assets/img/banner/banner-2.png]
[demo.hasthemes.com/parlo/parlo/assets/img/banner/banner-3.png]
[demo.hasthemes.com/parlo/parlo/assets/img/product/product-1.jpg]
[demo.hasthemes.com/parlo/parlo/assets/img/product/product-2.jpg]
[demo.hasthemes.com/parlo/parlo/assets/img/product/product-3.jpg]
[demo.hasthemes.com/parlo/parlo/assets/img/product/product-4.jpg]
[demo.hasthemes.com/parlo/parlo/assets/img/product/product-5.jpg]
[demo.hasthemes.com/parlo/parlo/assets/img/product/product-6.jpg]
[demo.hasthemes.com/parlo/parlo/assets/img/product/product-7.jpg]
[demo.hasthemes.com/parlo/parlo/assets/img/product/product-8.jpg]
[demo.hasthemes.com/parlo/parlo/assets/img/bg/bg-1.jpg]
[demo.hasthemes.com/parlo/parlo/assets/img/testimonial/testi-1.png]
[demo.hasthemes.com/parlo/parlo/assets/img/icon-img/testi.png]
[demo.hasthemes.com/parlo/parlo/assets/img/testimonial/testi-2.png]
[demo.hasthemes.com/parlo/parlo/assets/img/banner/banner-4.png]
[demo.hasthemes.com/parlo/parlo/assets/img/banner/banner-5.png]
[demo.hasthemes.com/parlo/parlo/assets/img/icon-img/free-shipping.png]
[demo.hasthemes.com/parlo/parlo/assets/img/icon-img/support.png]
[demo.hasthemes.com/parlo/parlo/assets/img/icon-img/security.png]
[demo.hasthemes.com/parlo/parlo/assets/img/blog/blog-1.jpg]
[demo.hasthemes.com/parlo/parlo/assets/img/blog/blog-2.jpg]
[demo.hasthemes.com/parlo/parlo/assets/img/icon-img/payment.png]
[demo.hasthemes.com/parlo/parlo/assets/img/product/quickview-l1.jpg]
[demo.hasthemes.com/parlo/parlo/assets/img/product/quickview-l2.jpg]
[demo.hasthemes.com/parlo/parlo/assets/img/product/quickview-l3.jpg]
[demo.hasthemes.com/parlo/parlo/assets/img/product/quickview-s1.jpg]
[demo.hasthemes.com/parlo/parlo/assets/img/product/quickview-s2.jpg]
[demo.hasthemes.com/parlo/parlo/assets/img/product/quickview-s3.jpg]
[demo.hasthemes.com/parlo/parlo/assets/js/vendor/jquery-1.12.4.min.js]
[demo.hasthemes.com/parlo/parlo/assets/js/popper.min.js]
[demo.hasthemes.com/parlo/parlo/assets/js/bootstrap.min.js]
[demo.hasthemes.com/parlo/parlo/assets/js/plugins.js]
[demo.hasthemes.com/parlo/parlo/assets/js/ajax-mail.js]
[demo.hasthemes.com/parlo/parlo/index.html]
[demo.hasthemes.com/parlo/parlo/assets/css/bootstrap.min.css]
[demo.hasthemes.com/parlo/parlo/assets/js/main.js]
[demo.hasthemes.com/parlo/parlo/assets/fonts/Simple-Line-Iconsb26c.eot]
[demo.hasthemes.com/parlo/parlo/assets/fonts/Simple-Line-Iconsb26c.woff2]
[demo.hasthemes.com/parlo/parlo/assets/fonts/Simple-Line-Iconsb26c.ttf]
[demo.hasthemes.com/parlo/parlo/assets/fonts/Simple-Line-Iconsb26c.woff]
[demo.hasthemes.com/parlo/parlo/assets/css/icons.min.css]
[demo.hasthemes.com/parlo/parlo/assets/fonts/Simple-Line-Iconsb26c.svg]
[demo.hasthemes.com/parlo/parlo/assets/css/owl.video.play.png]
[demo.hasthemes.com/parlo/parlo/assets/css/images/ui-bg_inset-hard_100_fcfdfd_1x100.png]
[demo.hasthemes.com/parlo/parlo/assets/css/images/ui-bg_gloss-wave_55_5c9ccc_500x100.png]
[demo.hasthemes.com/parlo/parlo/assets/css/images/ui-bg_glass_85_dfeffc_1x400.png]
[demo.hasthemes.com/parlo/parlo/assets/css/images/ui-bg_glass_75_d0e5f5_1x400.png]
[demo.hasthemes.com/parlo/parlo/assets/css/images/ui-bg_inset-hard_100_f5f8f9_1x100.png]
[demo.hasthemes.com/parlo/parlo/assets/css/images/ui-bg_glass_95_fef1ec_1x400.png]
[demo.hasthemes.com/parlo/parlo/assets/css/images/ui-icons_469bdd_256x240.png]
[demo.hasthemes.com/parlo/parlo/assets/css/images/ui-icons_d8e7f3_256x240.png]
[demo.hasthemes.com/parlo/parlo/assets/css/images/ui-icons_6da8d5_256x240.png]
[demo.hasthemes.com/parlo/parlo/assets/css/images/ui-icons_217bc0_256x240.png]
[demo.hasthemes.com/parlo/parlo/assets/css/images/ui-icons_f9bd01_256x240.png]
[demo.hasthemes.com/parlo/parlo/assets/css/images/ui-icons_2e83ff_256x240.png]
[demo.hasthemes.com/parlo/parlo/assets/css/images/ui-icons_cd0a0a_256x240.png]
[demo.hasthemes.com/parlo/parlo/assets/css/plugins.css]
[demo.hasthemes.com/parlo/parlo/assets/img/icon-img/select.png]
[demo.hasthemes.com/parlo/parlo/assets/img/icon-img/cart.png]
[demo.hasthemes.com/parlo/parlo/assets/css/style.css]
[demo.hasthemes.com/parlo/parlo/assets/img/slider/slider-hm2-1.png]
[demo.hasthemes.com/parlo/parlo/assets/img/slider/slider-hm2-2.png]
[demo.hasthemes.com/parlo/parlo/assets/img/banner/banner-6.png]
[demo.hasthemes.com/parlo/parlo/assets/img/banner/banner-7.png]
[demo.hasthemes.com/parlo/parlo/assets/img/banner/banner-8.png]
[demo.hasthemes.com/parlo/parlo/assets/img/banner/banner-9.png]
[demo.hasthemes.com/parlo/parlo/assets/img/banner/banner-10.png]
[demo.hasthemes.com/parlo/parlo/assets/img/product/product-9.jpg]
[demo.hasthemes.com/parlo/parlo/assets/img/product/product-10.jpg]
[demo.hasthemes.com/parlo/parlo/assets/img/product/product-11.jpg]
[demo.hasthemes.com/parlo/parlo/assets/img/banner/banner-11.png]
[demo.hasthemes.com/parlo/parlo/assets/img/blog/blog-3.jpg]
[demo.hasthemes.com/parlo/parlo/assets/img/blog/blog-4.jpg]
[demo.hasthemes.com/parlo/parlo/assets/img/blog/blog-5.jpg]
[demo.hasthemes.com/parlo/parlo/assets/img/instagram/instagram-1.jpg]
[demo.hasthemes.com/parlo/parlo/assets/img/instagram/instagram-2.jpg]
[demo.hasthemes.com/parlo/parlo/assets/img/instagram/instagram-3.jpg]
[demo.hasthemes.com/parlo/parlo/assets/img/instagram/instagram-4.jpg]
[demo.hasthemes.com/parlo/parlo/assets/img/instagram/instagram-5.jpg]
[demo.hasthemes.com/parlo/parlo/assets/img/instagram/instagram-6.jpg]
[demo.hasthemes.com/parlo/parlo/contact.html]
[demo.hasthemes.com/parlo/parlo/assets/img/icon-img/payment-2.png]
[demo.hasthemes.com/parlo/parlo/index-2.html]
[demo.hasthemes.com/parlo/parlo/assets/img/slider/slider-hm3-1.png]
[demo.hasthemes.com/parlo/parlo/assets/img/slider/slider-hm3-2.png]
[demo.hasthemes.com/parlo/parlo/assets/img/banner/banner-12.png]
[demo.hasthemes.com/parlo/parlo/assets/img/banner/banner-13.png]
[demo.hasthemes.com/parlo/parlo/assets/img/banner/banner-14.png]
[demo.hasthemes.com/parlo/parlo/assets/img/product/product-12.jpg]
[demo.hasthemes.com/parlo/parlo/assets/img/product/product-13.jpg]
[demo.hasthemes.com/parlo/parlo/assets/img/product/product-14.jpg]
[demo.hasthemes.com/parlo/parlo/assets/img/product/product-15.jpg]
[demo.hasthemes.com/parlo/parlo/index-3.html]
[demo.hasthemes.com/parlo/parlo/assets/img/product/product-list-1.jpg]
[demo.hasthemes.com/parlo/parlo/assets/img/product/product-list-2.jpg]
[demo.hasthemes.com/parlo/parlo/assets/img/product/product-list-3.jpg]
[demo.hasthemes.com/parlo/parlo/assets/img/product/product-list-4.jpg]
[demo.hasthemes.com/parlo/parlo/shop.html]
[demo.hasthemes.com/parlo/parlo/shop-grid-2-column.html]
[demo.hasthemes.com/parlo/parlo/shop-grid-4-column.html]
[demo.hasthemes.com/parlo/parlo/shop-grid-fullwide.html]
[demo.hasthemes.com/parlo/parlo/shop-right-sidebar.html]
[demo.hasthemes.com/parlo/parlo/shop-list-style1.html]
[demo.hasthemes.com/parlo/parlo/shop-list-style2.html]
[demo.hasthemes.com/parlo/parlo/shop-list-style3.html]
[demo.hasthemes.com/parlo/parlo/shop-list-fullwide.html]
[demo.hasthemes.com/parlo/parlo/shop-list-sidebar.html]
[demo.hasthemes.com/parlo/parlo/assets/img/product-details/product-detalis-l1.jpg]
[demo.hasthemes.com/parlo/parlo/assets/img/product-details/product-detalis-s1.jpg]
[demo.hasthemes.com/parlo/parlo/assets/img/product-details/product-detalis-s2.jpg]
[demo.hasthemes.com/parlo/parlo/assets/img/product-details/product-detalis-s3.jpg]
[demo.hasthemes.com/parlo/parlo/assets/img/product-details/product-detalis-s4.jpg]
[demo.hasthemes.com/parlo/parlo/assets/img/product-details/product-detalis-s5.jpg]
[demo.hasthemes.com/parlo/parlo/assets/img/product-details/client-1.jpg]
[demo.hasthemes.com/parlo/parlo/assets/img/product-details/client-2.jpg]
[demo.hasthemes.com/parlo/parlo/assets/img/product-details/client-3.jpg]
[demo.hasthemes.com/parlo/parlo/assets/img/banner/banner-15.png]
[demo.hasthemes.com/parlo/parlo/product-details.html]
[demo.hasthemes.com/parlo/parlo/assets/img/product-details/product-detalis-s6.jpg]
[demo.hasthemes.com/parlo/parlo/assets/img/product-details/product-detalis-s7.jpg]
[demo.hasthemes.com/parlo/parlo/assets/img/product-details/product-detalis-s9.jpg]
[demo.hasthemes.com/parlo/parlo/assets/img/product-details/product-detalis-s8.jpg]
[demo.hasthemes.com/parlo/parlo/assets/img/product-details/product-detalis-s10.jpg]
[demo.hasthemes.com/parlo/parlo/assets/img/product-details/product-detalis-l6.jpg]
[demo.hasthemes.com/parlo/parlo/product-details-tab-2.html]
[demo.hasthemes.com/parlo/parlo/product-details-tab-3.html]
[demo.hasthemes.com/parlo/parlo/assets/img/product-details/product-detalis-l2.jpg]
[demo.hasthemes.com/parlo/parlo/assets/img/product-details/product-detalis-l3.jpg]
[demo.hasthemes.com/parlo/parlo/assets/img/product-details/product-detalis-l4.jpg]
[demo.hasthemes.com/parlo/parlo/product-details-gallery.html]
[demo.hasthemes.com/parlo/parlo/product-details-gallery-right.html]
[demo.hasthemes.com/parlo/parlo/assets/img/product-details/product-detalis-l5.jpg]
[demo.hasthemes.com/parlo/parlo/product-details-sticky.html]
[demo.hasthemes.com/parlo/parlo/product-details-sticky-right.html]
[demo.hasthemes.com/parlo/parlo/assets/img/product-details/product-detalis-bl1.jpg]
[demo.hasthemes.com/parlo/parlo/assets/img/product-details/product-detalis-bl2.jpg]
[demo.hasthemes.com/parlo/parlo/assets/img/product-details/product-detalis-bl3.jpg]
[demo.hasthemes.com/parlo/parlo/assets/img/product-details/product-detalis-bl4.jpg]
[demo.hasthemes.com/parlo/parlo/product-details-slider-box.html]
[demo.hasthemes.com/parlo/parlo/product-details-affiliate.html]
[demo.hasthemes.com/parlo/parlo/contact-us.html]
[demo.hasthemes.com/parlo/parlo/assets/img/banner/banner-16.png]
[demo.hasthemes.com/parlo/parlo/assets/img/team/team-1.jpg]
[demo.hasthemes.com/parlo/parlo/assets/img/team/team-3.jpg]
[demo.hasthemes.com/parlo/parlo/assets/img/team/team-2.jpg]
[demo.hasthemes.com/parlo/parlo/assets/img/team/team-4.jpg]
[demo.hasthemes.com/parlo/parlo/about-us.html]
[demo.hasthemes.com/parlo/parlo/assets/img/cart/cart-3.jpg]
[demo.hasthemes.com/parlo/parlo/assets/img/cart/cart-4.jpg]
[demo.hasthemes.com/parlo/parlo/assets/img/cart/cart-5.jpg]
[demo.hasthemes.com/parlo/parlo/cart-page.html]
[demo.hasthemes.com/parlo/parlo/checkout.html]
[demo.hasthemes.com/parlo/parlo/single-product.html]
[demo.hasthemes.com/parlo/parlo/single-product-sale.html]
[demo.hasthemes.com/parlo/parlo/single-product-group.html]
[demo.hasthemes.com/parlo/parlo/cart.html]
[demo.hasthemes.com/parlo/parlo/compare-page.html]
[demo.hasthemes.com/parlo/parlo/wishlist.html]
[demo.hasthemes.com/parlo/parlo/my-account.html]
[demo.hasthemes.com/parlo/parlo/login-register.html]
[demo.hasthemes.com/parlo/parlo/assets/img/blog/blog-6.jpg]
[demo.hasthemes.com/parlo/parlo/assets/img/blog/blog-7.jpg]
[demo.hasthemes.com/parlo/parlo/assets/img/blog/blog-8.jpg]
[demo.hasthemes.com/parlo/parlo/assets/img/blog/blog-9.jpg]
[demo.hasthemes.com/parlo/parlo/assets/img/blog/sidebar-1.jpg]
[demo.hasthemes.com/parlo/parlo/assets/img/blog/sidebar-2.jpg]
[demo.hasthemes.com/parlo/parlo/assets/img/blog/sidebar-3.jpg]
[demo.hasthemes.com/parlo/parlo/blog.html]
[demo.hasthemes.com/parlo/parlo/blog-2-col.html]
[demo.hasthemes.com/parlo/parlo/assets/img/blog/blog-10.jpg]
[demo.hasthemes.com/parlo/parlo/assets/img/blog/blog-11.jpg]
[demo.hasthemes.com/parlo/parlo/assets/img/blog/blog-12.jpg]
[demo.hasthemes.com/parlo/parlo/blog-3-col.html]
[demo.hasthemes.com/parlo/parlo/blog-right-sidebar.html]
[demo.hasthemes.com/parlo/parlo/assets/img/blog/blog-details-4.jpg]
[demo.hasthemes.com/parlo/parlo/assets/img/blog/blog-details-2.jpg]
[demo.hasthemes.com/parlo/parlo/assets/img/blog/blog-details-3.jpg]
[demo.hasthemes.com/parlo/parlo/assets/img/blog/comment-1.jpg]
[demo.hasthemes.com/parlo/parlo/assets/img/blog/comment-2.jpg]
[demo.hasthemes.com/parlo/parlo/blog-details.html]
[demo.hasthemes.com/parlo/parlo/blog-details-right-sidebar.html]
[demo.hasthemes.com/parlo/parlo/assets/fonts/Simple-Line-Iconsb26c.svg]
[demo.hasthemes.com/parlo/parlo/assets/css/owl.video.play.png]
[demo.hasthemes.com/parlo/parlo/assets/css/images/ui-bg_inset-hard_100_fcfdfd_1x100.png]
[demo.hasthemes.com/parlo/parlo/assets/css/images/ui-bg_gloss-wave_55_5c9ccc_500x100.png]
[demo.hasthemes.com/parlo/parlo/assets/css/images/ui-bg_glass_85_dfeffc_1x400.png]
[demo.hasthemes.com/parlo/parlo/assets/css/images/ui-bg_glass_75_d0e5f5_1x400.png]
[demo.hasthemes.com/parlo/parlo/assets/css/images/ui-bg_inset-hard_100_f5f8f9_1x100.png]
[demo.hasthemes.com/parlo/parlo/assets/css/images/ui-bg_glass_95_fef1ec_1x400.png]
[demo.hasthemes.com/parlo/parlo/assets/css/images/ui-icons_469bdd_256x240.png]
[demo.hasthemes.com/parlo/parlo/assets/css/images/ui-icons_d8e7f3_256x240.png]
[demo.hasthemes.com/parlo/parlo/assets/css/images/ui-icons_6da8d5_256x240.png]
[demo.hasthemes.com/parlo/parlo/assets/css/images/ui-icons_217bc0_256x240.png]
[demo.hasthemes.com/parlo/parlo/assets/css/images/ui-icons_f9bd01_256x240.png]
[demo.hasthemes.com/parlo/parlo/assets/css/images/ui-icons_2e83ff_256x240.png]
[demo.hasthemes.com/parlo/parlo/assets/css/images/ui-icons_cd0a0a_256x240.png]
[demo.hasthemes.com/parlo/parlo/contact.html]
[demo.hasthemes.com/parlo/parlo/single-product.html]
[demo.hasthemes.com/parlo/parlo/single-product-sale.html]
[demo.hasthemes.com/parlo/parlo/single-product-group.html]
[demo.hasthemes.com/parlo/parlo/cart.html]
